Γû▓ Next.js 16.1.6 (Turbopack)

node.exe : ΓÜá The "middleware" file convention is deprecated. Please use "proxy" instead. Learn more: https://nextjs.org/docs/messages/middleware-to-proxy
At line:1 char:1
+ & "C:\Program Files\nodejs/node.exe" "C:\Users\Arkhi\AppData\Roaming\ ...
+ ~~~~~~~~~~~~~~~~~~~~~~~~~~~~~~~~~~~~~~~~~~~~~~~~~~~~~~~~~~~~~~~~~~~~~
    + CategoryInfo          : NotSpecified: (ΓÜá The "middle...leware-to-proxy:String) [], RemoteException
    + FullyQualifiedErrorId : NativeCommandError
 
  Creating an optimized production build ...
Γ£ô Compiled successfully in 62s
  Running TypeScript ...
Failed to compile.

.next/dev/types/routes.d.ts:112:17
Type error: ';' expected.

[0m [90m 110 |[39m   }
 [90m 111 |[39m }
[31m[1m>[22m[39m[90m 112 |[39m ia[33m-[39mmass[33m-[39mkillings[32m" | "[39m[33m/[39minvestigations[33m/[39miran[33m-[39mcontra[32m" | 
"[39m[33m/[39minvestigations[33m/[39miran[33m-[39mcoup[32m" | "[39m[33m/[39minvestigations[33m/[39miraq[33m-[39mwar[33m-[39mlies[32m" | 
"[39m[33m/[39minvestigations[33m/[39mjackson[33m-[39mwater[33m-[39mcrisis[32m" | 
"[39m[33m/[39minvestigations[33m/[39mjanuary[33m-[39m[35m6[39m[33m-[39minsurrection[32m" | 
"[39m[33m/[39minvestigations[33m/[39mjapanese[33m-[39minternment[32m" | "[39m[33m/[39minvestigations[33m/[39mjfk[33m-[39massassination[32m" | 
"[39m[33m/[39minvestigations[33m/[39mkissinger[33m-[39mcrimes[32m" | "[39m[33m/[39minvestigations[33m/[39mkoch[33m-[39mnetwork[32m" | 
"[39m[33m/[39minvestigations[33m/[39mlafayette[33m-[39msquare[32m" | "[39m[33m/[39minvestigations[33m/[39mlaos[33m-[39msecret[33m-[39mbombing[32m" | 
"[39m[33m/[39minvestigations[33m/[39mlead[33m-[39mpoisoning[33m-[39mcoverup[32m" | 
"[39m[33m/[39minvestigations[33m/[39mleonard[33m-[39mleo[33m-[39mnetwork[32m" | "[39m[33m/[39minvestigations[33m/[39mlibor[33m-[39mscandal[32m" | 
"[39m[33m/[39minvestigations[33m/[39mlibya[33m-[39mintervention[32m" | "[39m[33m/[39minvestigations[33m/[39mlynching[33m-[39m[36min[39m[33m-[39mamerica[32m" 
| "[39m[33m/[39minvestigations[33m/[39mmalcolm[33m-[39mx[33m-[39massassination[32m" | 
"[39m[33m/[39minvestigations[33m/[39mmar[33m-[39ma[33m-[39mlago[33m-[39mdocuments[32m" | 
"[39m[33m/[39minvestigations[33m/[39mmass[33m-[39mincarceration[32m" | "[39m[33m/[39minvestigations[33m/[39mmccarthyism[33m-[39mred[33m-[39mscare[32m" | 
"[39m[33m/[39minvestigations[33m/[39mmedical[33m-[39mbankruptcy[32m" | 
"[39m[33m/[39minvestigations[33m/[39mmissing[33m-[39mmurdered[33m-[39mindigenous[33m-[39mwomen[32m" | "[39m[33m/[39minvestigations[33m/[39mmkultra[32m" | 
"[39m[33m/[39minvestigations[33m/[39mmlk[33m-[39massassination[32m" | "[39m[33m/[39minvestigations[33m/[39mmoney[33m-[39mlaundering[32m" | 
"[39m[33m/[39minvestigations[33m/[39mmove[33m-[39mbombing[32m" | "[39m[33m/[39minvestigations[33m/[39mmuslim[33m-[39mban[32m" | 
"[39m[33m/[39minvestigations[33m/[39mnative[33m-[39mamerican[33m-[39mgenocide[32m" | 
"[39m[33m/[39minvestigations[33m/[39mno[33m-[39mknock[33m-[39mraids[32m" | "[39m[33m/[39minvestigations[33m/[39mnsa[33m-[39mmass[33m-[39msurveillance[32m" | 
"[39m[33m/[39minvestigations[33m/[39mnuclear[33m-[39mtesting[33m-[39mvictims[32m" | 
"[39m[33m/[39minvestigations[33m/[39moath[33m-[39mkeepers[33m-[39msedition[32m" | 
"[39m[33m/[39minvestigations[33m/[39mobstruction[33m-[39m[36mof[39m[33m-[39mjustice[32m" | 
"[39m[33m/[39minvestigations[33m/[39moctober[33m-[39msurprise[33m-[39m[35m1980[39m[32m" | "[39m[33m/[39minvestigations[33m/[39moperation[33m-[39mcondor[32m" 
| "[39m[33m/[39minvestigations[33m/[39moperation[33m-[39mfast[33m-[39mand[33m-[39mfurious[32m" | 
"[39m[33m/[39minvestigations[33m/[39moperation[33m-[39mgladio[32m" | "[39m[33m/[39minvestigations[33m/[39moperation[33m-[39mmockingbird[32m" | 
"[39m[33m/[39minvestigations[33m/[39moperation[33m-[39mnorthwoods[32m" | "[39m[33m/[39minvestigations[33m/[39moperation[33m-[39mpaperclip[32m" | 
"[39m[33m/[39minvestigations[33m/[39mopioid[33m-[39mcrisis[32m" | "[39m[33m/[39minvestigations[33m/[39mpanama[33m-[39minvasion[32m" | 
"[39m[33m/[39minvestigations[33m/[39mpanama[33m-[39mpapers[32m" | "[39m[33m/[39minvestigations[33m/[39mpardons[33m-[39mcorruption[32m" | 
"[39m[33m/[39minvestigations[33m/[39mpatriot[33m-[39mact[32m" | "[39m[33m/[39minvestigations[33m/[39mpentagon[33m-[39mpapers[32m" | 
"[39m[33m/[39minvestigations[33m/[39mpharmaceutical[33m-[39mprice[33m-[39mgouging[32m" | "[39m[33m/[39minvestigations[33m/[39mphoenix[33m-[39mprogram[32m" | 
"[39m[33m/[39minvestigations[33m/[39mpolice[33m-[39mbrutality[32m" | "[39m[33m/[39minvestigations[33m/[39mpolice[33m-[39mmilitarization[32m" | 
"[39m[33m/[39minvestigations[33m/[39mpredictive[33m-[39mpolicing[32m" | 
"[39m[33m/[39minvestigations[33m/[39m[36mprivate[39m[33m-[39mprison[33m-[39mindustry[32m" | 
"[39m[33m/[39minvestigations[33m/[39mproject[33m-[39m[35m2025[39m[32m" | "[39m[33m/[39minvestigations[33m/[39mproud[33m-[39mboys[33m-[39msedition[32m" | 
"[39m[33m/[39minvestigations[33m/[39mpuerto[33m-[39mrico[32m" | "[39m[33m/[39minvestigations[33m/[39mpurdue[33m-[39mpharma[33m-[39moxycontin[32m" | 
"[39m[33m/[39minvestigations[33m/[39mqanon[33m-[39mradicalization[32m" | 
"[39m[33m/[39minvestigations[33m/[39mredlining[33m-[39mhousing[33m-[39mdiscrimination[32m" | 
"[39m[33m/[39minvestigations[33m/[39mrfk[33m-[39massassination[32m" | "[39m[33m/[39minvestigations[33m/[39mroe[33m-[39mv[33m-[39mwade[33m-[39moverturn[32m" 
| "[39m[33m/[39minvestigations[33m/[39mruby[33m-[39mridge[32m" | "[39m[33m/[39minvestigations[33m/[39mrussian[33m-[39minterference[32m" | 
"[39m[33m/[39minvestigations[33m/[39mrwanda[33m-[39mgenocide[33m-[39minaction[32m" | 
"[39m[33m/[39minvestigations[33m/[39msaudi[33m-[39marms[33m-[39mdeal[32m" | "[39m[33m/[39minvestigations[33m/[39msaudi[33m-[39mconnections[32m" | 
"[39m[33m/[39minvestigations[33m/[39msavings[33m-[39mand[33m-[39mloan[33m-[39mcrisis[32m" | 
"[39m[33m/[39minvestigations[33m/[39mschool[33m-[39m[36mof[39m[33m-[39mthe[33m-[39mamericas[32m" | 
"[39m[33m/[39minvestigations[33m/[39msexual[33m-[39massault[32m" | "[39m[33m/[39minvestigations[33m/[39msinclair[33m-[39mbroadcasting[32m" | 
"[39m[33m/[39minvestigations[33m/[39msolitary[33m-[39mconfinement[32m" | "[39m[33m/[39minvestigations[33m/[39msomalia[33m-[39mintervention[32m" | 
"[39m[33m/[39minvestigations[33m/[39mstanding[33m-[39mrock[32m" | "[39m[33m/[39minvestigations[33m/[39mstingray[33m-[39msurveillance[32m" | 
"[39m[33m/[39minvestigations[33m/[39mstudent[33m-[39mdebt[33m-[39mcrisis[32m" | "[39m[33m/[39minvestigations[33m/[39msundown[33m-[39mtowns[32m" | 
"[39m[33m/[39minvestigations[33m/[39msupreme[33m-[39mcourt[33m-[39methics[32m" | "[39m[33m/[39minvestigations[33m/[39mtax[33m-[39mevasion[32m" | 
"[39m[33m/[39minvestigations[33m/[39mtheranos[33m-[39mfraud[32m" | "[39m[33m/[39minvestigations[33m/[39mtrump[33m-[39mcriminal[33m-[39mcompendium[32m" | 
"[39m[33m/[39minvestigations[33m/[39mtrump[33m-[39mfoundation[32m" | "[39m[33m/[39minvestigations[33m/[39mtrump[33m-[39morg[33m-[39mfraud[32m" | 
"[39m[33m/[39minvestigations[33m/[39mtrump[33m-[39muniversity[32m" | "[39m[33m/[39minvestigations[33m/[39mtulsa[33m-[39mrace[33m-[39mmassacre[32m" | 
"[39m[33m/[39minvestigations[33m/[39mtuskegee[33m-[39mexperiment[32m" | "[39m[33m/[39minvestigations[33m/[39mukraine[33m-[39mextortion[32m" | 
"[39m[33m/[39minvestigations[33m/[39munion[33m-[39mbusting[32m" | 
"[39m[33m/[39minvestigations[33m/[39mus[33m-[39msupport[33m-[39m[36mfor[39m[33m-[39mapartheid[32m" | 
"[39m[33m/[39minvestigations[33m/[39mvietnam[33m-[39mwar[33m-[39mcrimes[32m" | "[39m[33m/[39minvestigations[33m/[39mvolkswagen[33m-[39memissions[32m" | 
"[39m[33m/[39minvestigations[33m/[39mvoter[33m-[39msuppression[32m" | "[39m[33m/[39minvestigations[33m/[39mwaco[33m-[39msiege[32m" | 
"[39m[33m/[39minvestigations[33m/[39mwar[33m-[39mon[33m-[39mblack[33m-[39mamerica[32m" | 
"[39m[33m/[39minvestigations[33m/[39mwar[33m-[39mon[33m-[39mdrugs[32m" | 
"[39m[33m/[39minvestigations[33m/[39mwater[33m-[39mcontamination[33m-[39mnationwide[32m" | "[39m[33m/[39minvestigations[33m/[39mwatergate[32m" | 
"[39m[33m/[39minvestigations[33m/[39mwells[33m-[39mfargo[33m-[39mfraud[32m" | "[39m[33m/[39minvestigations[33m/[39mwhistleblower[33m-[39mpersecution[32m" | 
"[39m[33m/[39minvestigations[33m/[39myemen[33m-[39mwar[32m" | "[39m[33m/[39mmethodology[32m" | "[39m[33m/[39mnotifications[32m" | "[39m[33m/[39moffline[32m" 
| "[39m[33m/[39mprivacy[32m" | "[39m[33m/[39mprofile[32m" | "[39m[33m/[39mrecent[32m" | "[39m[33m/[39msearch[32m" | "[39m[33m/[39msources[32m" | 
"[39m[33m/[39msubmit[32m" | "[39m[33m/[39mtags[32m" | "[39m[33m/[39mteam[32m" | "[39m[33m/[39mterms[32m" | "[39m[33m/[39mtimeline[32m" | 
"[39m[33m/[39mworkspaces[32m" | "[39m[35m/workspaces/[39m[id][32m" | "[39m[33m/[39mworkspaces[33m/[39mcreate[32m"[39m
 [90m     |[39m                 [31m[1m^[22m[39m
 [90m 113 |[39m type [33mAppRouteHandlerRoutes[39m [33m=[39m [32m"/api/activity"[39m [33m|[39m [32m"/api/ai"[39m [33m|[39m [32m"/api/analytics"[39m [33m|[39m 
[32m"/api/audit"[39m [33m|[39m [32m"/api/auth"[39m [33m|[39m [32m"/api/auth/check"[39m [33m|[39m [32m"/api/documents"[39m [33m|[39m [32m"/api/entities"[39m 
[33m|[39m [32m"/api/export"[39m [33m|[39m [32m"/api/import"[39m [33m|[39m [32m"/api/integrations"[39m [33m|[39m [32m"/api/investigations"[39m [33m|[39m 
[32m"/api/logout"[39m [33m|[39m [32m"/api/search"[39m [33m|[39m [32m"/api/stats"[39m [33m|[39m [32m"/api/submit"[39m [33m|[39m [32m"/api/tags"[39m [33m|[39m 
[32m"/api/teams"[39m [33m|[39m [32m"/api/webhooks"[39m [33m|[39m [32m"/api/workspaces"[39m
 [90m 114 |[39m type [33mPageRoutes[39m [33m=[39m never
 [90m 115 |[39m type [33mLayoutRoutes[39m [33m=[39m [32m"/"[39m [33m|[39m [32m"/activity"[39m [33m|[39m [32m"/analytics"[39m [33m|[39m [32m"/archives"[39m 
[33m|[39m [32m"/audit"[39m [33m|[39m [32m"/bookmarks"[39m [33m|[39m [32m"/contact"[39m [33m|[39m [32m"/dashboard"[39m [33m|[39m [32m"/documents"[39m 
[33m|[39m [32m"/drafts"[39m [33m|[39m [32m"/entities/agencies"[39m [33m|[39m [32m"/entities/corporations"[39m [33m|[39m [32m"/entities/individuals"[39m 
[33m|[39m [32m"/faq"[39m [33m|[39m [32m"/investigations"[39m [33m|[39m [32m"/methodology"[39m [33m|[39m [32m"/notifications"[39m [33m|[39m 
[32m"/offline"[39m [33m|[39m [32m"/privacy"[39m [33m|[39m [32m"/profile"[39m [33m|[39m [32m"/recent"[39m [33m|[39m [32m"/search"[39m [33m|[39m 
[32m"/sources"[39m [33m|[39m [32m"/submit"[39m [33m|[39m [32m"/tags"[39m [33m|[39m [32m"/team"[39m [33m|[39m [32m"/terms"[39m [33m|[39m 
[32m"/workspaces"[39m[0m
Next.js build worker exited with code: 1 and signal: null
