Γû▓ Next.js 16.1.6 (Turbopack)
- Environments: .env.local

  Creating an optimized production build ...
Γ£ô Compiled successfully in 2.1min
  Skipping validation of types
  Collecting page data using 7 workers ...
  Generating static pages using 7 workers (0/3741) ...
node.exe : Error occurred prerendering page 
"/entities/individuals/henry-stimson". Read more: 
https://nextjs.org/docs/messages/prerender-error
At line:1 char:1
+ & "C:\Program Files\nodejs/node.exe" "C:\Users\Arkhi\AppData\Roaming\ ...
+ ~~~~~~~~~~~~~~~~~~~~~~~~~~~~~~~~~~~~~~~~~~~~~~~~~~~~~~~~~~~~~~~~~~~~~
    + CategoryInfo          : NotSpecified: (Error occurred ...prerender-error 
   :String) [], RemoteException
    + FullyQualifiedErrorId : NativeCommandError
 
Error: ENOENT: no such file or directory, open 
'C:\Users\Arkhi\OneDrive\Desktop\dumb project\.next\server\app\entities\individ
uals\henry-stimson.segments\entities\individuals\$d$slug\__PAGE__.segment.rsc'
    at ignore-listed frames {
  errno: -4058,
  code: 'ENOENT',
  syscall: 'open',
  path: 'C:\\Users\\Arkhi\\OneDrive\\Desktop\\dumb project\\.next\\server\\app\
\entities\\individuals\\henry-stimson.segments\\entities\\individuals\\$d$slug\
\__PAGE__.segment.rsc'
}
Export encountered an error on /entities/individuals/[slug]/page: 
/entities/individuals/henry-stimson, exiting the build.
Error occurred prerendering page "/entities/individuals/samuel-alito". Read 
more: https://nextjs.org/docs/messages/prerender-error
Error: ENOENT: no such file or directory, open 
'C:\Users\Arkhi\OneDrive\Desktop\dumb project\.next\server\app\entities\individ
uals\samuel-alito.segments\entities\individuals\$d$slug.segment.rsc'
    at ignore-listed frames {
  errno: -4058,
  code: 'ENOENT',
  syscall: 'open',
  path: 'C:\\Users\\Arkhi\\OneDrive\\Desktop\\dumb project\\.next\\server\\app\
\entities\\individuals\\samuel-alito.segments\\entities\\individuals\\$d$slug.s
egment.rsc'
}
Export encountered an error on /entities/individuals/[slug]/page: 
/entities/individuals/samuel-alito, exiting the build.
Γ¿» Next.js build worker exited with code: 1 and signal: null
